12:46:58.851  BARGE_IN source=ptt_start invalidated=None epoch=1
12:47:08.851  TRUNCATE_SKIPPED_QWEN item_id=item_UyWsIy3wBh6xz4uipBSdv content_index=0 audio_end_ms=6800
12:47:08.851  BARGE_IN source=ptt_start invalidated=None epoch=2
12:47:25.153  TRUNCATE_SKIPPED_QWEN item_id=item_Q5KOUCYIqOMJ3exgG1edY content_index=0 audio_end_ms=5680
12:47:25.154  BARGE_IN source=ptt_start invalidated=None epoch=3
12:47:27.341  BARGE_IN source=ptt_start invalidated=None epoch=4
12:47:40.341  TRUNCATE_SKIPPED_QWEN item_id=item_KMNiQkRlAfnp61epyPfij content_index=0 audio_end_ms=9440
12:47:40.341  BARGE_IN source=ptt_start invalidated=None epoch=5
12:47:50.540  TRUNCATE_SKIPPED_QWEN item_id=item_WRWwpi6SDLBlSC3VepgXf content_index=0 audio_end_ms=3275
12:47:50.541  BARGE_IN source=ptt_start invalidated=None epoch=6
12:47:53.040  BARGE_IN source=ptt_start invalidated=resp_FUGI4OVBmyYyu3rgpgvlX epoch=7
12:47:56.841  TRUNCATE_SKIPPED_QWEN item_id=item_XrNS5i4BA6xYiSsMeTrcW content_index=0 audio_end_ms=1781
12:47:56.841  BARGE_IN source=ptt_start invalidated=None epoch=8
12:47:59.041  BARGE_IN source=ptt_start invalidated=None epoch=9
12:48:06.043  TRUNCATE_SKIPPED_QWEN item_id=item_Ejev1HYPzAgZWZtSj5Vqb content_index=0 audio_end_ms=5675
12:48:06.043  BARGE_IN source=ptt_start invalidated=resp_SNjKss4dEsBBZtFtd5ZVA epoch=10
12:48:07.341  TRUNCATE_SKIPPED_QWEN item_id=item_JHAFk9HqXVMEoiB44vG9b content_index=0 audio_end_ms=880
12:48:07.341  BARGE_IN source=ptt_start invalidated=None epoch=11
12:48:08.540  BARGE_IN source=ptt_start invalidated=None epoch=12
12:48:13.741  TRUNCATE_SKIPPED_QWEN item_id=item_R4jYlnLHMVeZirEhdNBTQ content_index=0 audio_end_ms=3541
12:48:13.741  BARGE_IN source=ptt_start invalidated=None epoch=13
12:48:24.040  BARGE_IN source=ptt_start invalidated=None epoch=14
12:48:45.941  TRUNCATE_SKIPPED_QWEN item_id=item_ODlDUE3BQ4btIETVcH3C8 content_index=0 audio_end_ms=0
12:48:45.941  BARGE_IN source=ptt_start invalidated=resp_CyyrzqkTneQDEeFxKPc9B epoch=15
12:49:02.841  TRUNCATE_SKIPPED_QWEN item_id=item_EKUR566FAyvqiIwBherqr content_index=0 audio_end_ms=10043
12:49:02.841  BARGE_IN source=ptt_start invalidated=None epoch=16
12:49:07.941  TRUNCATE_SKIPPED_QWEN item_id=item_XHdC3kVL5IwlEt18xsHJV content_index=0 audio_end_ms=2832
12:49:07.941  BARGE_IN source=ptt_start invalidated=None epoch=17
12:49:12.740  TRUNCATE_SKIPPED_QWEN item_id=item_X6ugkazGmuYwTNpx7UJuH content_index=0 audio_end_ms=2704
12:49:12.740  BARGE_IN source=ptt_start invalidated=None epoch=18
12:49:16.639  BARGE_IN source=ptt_start invalidated=None epoch=19
12:49:29.541  TRUNCATE_SKIPPED_QWEN item_id=item_LY2oaPgjxoiCRWwN96F7B content_index=0 audio_end_ms=9280
12:49:29.541  BARGE_IN source=ptt_start invalidated=None epoch=20
12:49:30.740  BARGE_IN source=ptt_start invalidated=None epoch=21
