This is pdfTeX, Version 3.141592653-2.6-1.40.27 (TeX Live 2025) (preloaded format=pdflatex 2025.11.19)  12 JUL 2026 14:44
entering extended mode
 restricted \write18 enabled.
 file:line:error style messages enabled.
 %&-line parsing enabled.
**f:/VerbalVis2/main.tex
(f:/VerbalVis2/main.tex
LaTeX2e <2024-11-01> patch level 2
L3 programming layer <2025-01-18>
(f:/texlive/2025/texmf-dist/tex/latex/ieeetran/IEEEtran.cls
Document Class: IEEEtran 2015/08/26 V1.8b by Michael Shell
-- See the "IEEEtran_HOWTO" manual for usage information.
-- http://www.michaelshell.org/tex/ieeetran/
\@IEEEtrantmpdimenA=\dimen141
\@IEEEtrantmpdimenB=\dimen142
\@IEEEtrantmpdimenC=\dimen143
\@IEEEtrantmpcountA=\count196
\@IEEEtrantmpcountB=\count197
\@IEEEtrantmpcountC=\count198
\@IEEEtrantmptoksA=\toks17
LaTeX Font Info:    Trying to load font information for OT1+ptm on input line 503.
(f:/texlive/2025/texmf-dist/tex/latex/psnfss/ot1ptm.fd
File: ot1ptm.fd 2001/06/04 font definitions for OT1/ptm.
)
-- Using 8.5in x 11in (letter) paper.
-- Using PDF output.
\@IEEEnormalsizeunitybaselineskip=\dimen144
-- This is a 10 point document.
\CLASSINFOnormalsizebaselineskip=\dimen145
\CLASSINFOnormalsizeunitybaselineskip=\dimen146
\IEEEnormaljot=\dimen147
LaTeX Font Info:    Font shape `OT1/ptm/bx/n' in size <5> not available
(Font)              Font shape `OT1/ptm/b/n' tried instead on input line 1090.
LaTeX Font Info:    Font shape `OT1/ptm/bx/it' in size <5> not available
(Font)              Font shape `OT1/ptm/b/it' tried instead on input line 1090.
LaTeX Font Info:    Font shape `OT1/ptm/bx/n' in size <7> not available
(Font)              Font shape `OT1/ptm/b/n' tried instead on input line 1090.
LaTeX Font Info:    Font shape `OT1/ptm/bx/it' in size <7> not available
(Font)              Font shape `OT1/ptm/b/it' tried instead on input line 1090.
LaTeX Font Info:    Font shape `OT1/ptm/bx/n' in size <8> not available
(Font)              Font shape `OT1/ptm/b/n' tried instead on input line 1090.
LaTeX Font Info:    Font shape `OT1/ptm/bx/it' in size <8> not available
(Font)              Font shape `OT1/ptm/b/it' tried instead on input line 1090.
LaTeX Font Info:    Font shape `OT1/ptm/bx/n' in size <9> not available
(Font)              Font shape `OT1/ptm/b/n' tried instead on input line 1090.
LaTeX Font Info:    Font shape `OT1/ptm/bx/it' in size <9> not available
(Font)              Font shape `OT1/ptm/b/it' tried instead on input line 1090.
LaTeX Font Info:    Font shape `OT1/ptm/bx/n' in size <10> not available
(Font)              Font shape `OT1/ptm/b/n' tried instead on input line 1090.
LaTeX Font Info:    Font shape `OT1/ptm/bx/it' in size <10> not available
(Font)              Font shape `OT1/ptm/b/it' tried instead on input line 1090.
LaTeX Font Info:    Font shape `OT1/ptm/bx/n' in size <11> not available
(Font)              Font shape `OT1/ptm/b/n' tried instead on input line 1090.
LaTeX Font Info:    Font shape `OT1/ptm/bx/it' in size <11> not available
(Font)              Font shape `OT1/ptm/b/it' tried instead on input line 1090.
LaTeX Font Info:    Font shape `OT1/ptm/bx/n' in size <12> not available
(Font)              Font shape `OT1/ptm/b/n' tried instead on input line 1090.
LaTeX Font Info:    Font shape `OT1/ptm/bx/it' in size <12> not available
(Font)              Font shape `OT1/ptm/b/it' tried instead on input line 1090.
LaTeX Font Info:    Font shape `OT1/ptm/bx/n' in size <17> not available
(Font)              Font shape `OT1/ptm/b/n' tried instead on input line 1090.
LaTeX Font Info:    Font shape `OT1/ptm/bx/it' in size <17> not available
(Font)              Font shape `OT1/ptm/b/it' tried instead on input line 1090.
LaTeX Font Info:    Font shape `OT1/ptm/bx/n' in size <20> not available
(Font)              Font shape `OT1/ptm/b/n' tried instead on input line 1090.
LaTeX Font Info:    Font shape `OT1/ptm/bx/it' in size <20> not available
(Font)              Font shape `OT1/ptm/b/it' tried instead on input line 1090.
LaTeX Font Info:    Font shape `OT1/ptm/bx/n' in size <24> not available
(Font)              Font shape `OT1/ptm/b/n' tried instead on input line 1090.
LaTeX Font Info:    Font shape `OT1/ptm/bx/it' in size <24> not available
(Font)              Font shape `OT1/ptm/b/it' tried instead on input line 1090.
\IEEEquantizedlength=\dimen148
\IEEEquantizedlengthdiff=\dimen149
\IEEEquantizedtextheightdiff=\dimen150
\IEEEilabelindentA=\dimen151
\IEEEilabelindentB=\dimen152
\IEEEilabelindent=\dimen153
\IEEEelabelindent=\dimen154
\IEEEdlabelindent=\dimen155
\IEEElabelindent=\dimen156
\IEEEiednormlabelsep=\dimen157
\IEEEiedmathlabelsep=\dimen158
\IEEEiedtopsep=\skip49
\c@section=\count199
\c@subsection=\count266
\c@subsubsection=\count267
\c@paragraph=\count268
\c@IEEEsubequation=\count269
\abovecaptionskip=\skip50
\belowcaptionskip=\skip51
\c@figure=\count270
\c@table=\count271
\@IEEEeqnnumcols=\count272
\@IEEEeqncolcnt=\count273
\@IEEEsubeqnnumrollback=\count274
\@IEEEquantizeheightA=\dimen159
\@IEEEquantizeheightB=\dimen160
\@IEEEquantizeheightC=\dimen161
\@IEEEquantizeprevdepth=\dimen162
\@IEEEquantizemultiple=\count275
\@IEEEquantizeboxA=\box52
\@IEEEtmpitemindent=\dimen163
\IEEEPARstartletwidth=\dimen164
\c@IEEEbiography=\count276
\@IEEEtranrubishbin=\box53
) (f:/texlive/2025/texmf-dist/tex/latex/cite/cite.sty
LaTeX Info: Redefining \cite on input line 302.
LaTeX Info: Redefining \nocite on input line 332.
Package: cite 2015/02/27  v 5.5
) (f:/texlive/2025/texmf-dist/tex/latex/graphics/graphicx.sty
Package: graphicx 2021/09/16 v1.2d Enhanced LaTeX Graphics (DPC,SPQR)
 (f:/texlive/2025/texmf-dist/tex/latex/graphics/keyval.sty
Package: keyval 2022/05/29 v1.15 key=value parser (DPC)
\KV@toks@=\toks18
) (f:/texlive/2025/texmf-dist/tex/latex/graphics/graphics.sty
Package: graphics 2024/08/06 v1.4g Standard LaTeX Graphics (DPC,SPQR)
 (f:/texlive/2025/texmf-dist/tex/latex/graphics/trig.sty
Package: trig 2023/12/02 v1.11 sin cos tan (DPC)
) (f:/texlive/2025/texmf-dist/tex/latex/graphics-cfg/graphics.cfg
File: graphics.cfg 2016/06/04 v1.11 sample graphics configuration
)
Package graphics Info: Driver file: pdftex.def on input line 106.
 (f:/texlive/2025/texmf-dist/tex/latex/graphics-def/pdftex.def
File: pdftex.def 2024/04/13 v1.2c Graphics/color driver for pdftex
))
\Gin@req@height=\dimen165
\Gin@req@width=\dimen166
) (f:/texlive/2025/texmf-dist/tex/latex/capt-of/capt-of.sty
Package: capt-of 2009/12/29 v0.2 standard captions outside of floats
) (f:/texlive/2025/texmf-dist/tex/latex/amsmath/amsmath.sty
Package: amsmath 2024/11/05 v2.17t AMS math features
\@mathmargin=\skip52

For additional information on amsmath, use the `?' option.
(f:/texlive/2025/texmf-dist/tex/latex/amsmath/amstext.sty
Package: amstext 2021/08/26 v2.01 AMS text
 (f:/texlive/2025/texmf-dist/tex/latex/amsmath/amsgen.sty
File: amsgen.sty 1999/11/30 v2.0 generic functions
\@emptytoks=\toks19
\ex@=\dimen167
)) (f:/texlive/2025/texmf-dist/tex/latex/amsmath/amsbsy.sty
Package: amsbsy 1999/11/29 v1.2d Bold Symbols
\pmbraise@=\dimen168
) (f:/texlive/2025/texmf-dist/tex/latex/amsmath/amsopn.sty
Package: amsopn 2022/04/08 v2.04 operator names
)
\inf@bad=\count277
LaTeX Info: Redefining \frac on input line 233.
\uproot@=\count278
\leftroot@=\count279
LaTeX Info: Redefining \overline on input line 398.
LaTeX Info: Redefining \colon on input line 409.
\classnum@=\count280
\DOTSCASE@=\count281
LaTeX Info: Redefining \ldots on input line 495.
LaTeX Info: Redefining \dots on input line 498.
LaTeX Info: Redefining \cdots on input line 619.
\Mathstrutbox@=\box54
\strutbox@=\box55
LaTeX Info: Redefining \big on input line 721.
LaTeX Info: Redefining \Big on input line 722.
LaTeX Info: Redefining \bigg on input line 723.
LaTeX Info: Redefining \Bigg on input line 724.
\big@size=\dimen169
LaTeX Font Info:    Redeclaring font encoding OML on input line 742.
LaTeX Font Info:    Redeclaring font encoding OMS on input line 743.
\macc@depth=\count282
LaTeX Info: Redefining \bmod on input line 904.
LaTeX Info: Redefining \pmod on input line 909.
LaTeX Info: Redefining \smash on input line 939.
LaTeX Info: Redefining \relbar on input line 969.
LaTeX Info: Redefining \Relbar on input line 970.
\c@MaxMatrixCols=\count283
\dotsspace@=\muskip17
\c@parentequation=\count284
\dspbrk@lvl=\count285
\tag@help=\toks20
\row@=\count286
\column@=\count287
\maxfields@=\count288
\andhelp@=\toks21
\eqnshift@=\dimen170
\alignsep@=\dimen171
\tagshift@=\dimen172
\tagwidth@=\dimen173
\totwidth@=\dimen174
\lineht@=\dimen175
\@envbody=\toks22
\multlinegap=\skip53
\multlinetaggap=\skip54
\mathdisplay@stack=\toks23
LaTeX Info: Redefining \[ on input line 2953.
LaTeX Info: Redefining \] on input line 2954.
) (f:/texlive/2025/texmf-dist/tex/latex/amsfonts/amssymb.sty
Package: amssymb 2013/01/14 v3.01 AMS font symbols
 (f:/texlive/2025/texmf-dist/tex/latex/amsfonts/amsfonts.sty
Package: amsfonts 2013/01/14 v3.01 Basic AMSFonts support
\symAMSa=\mathgroup4
\symAMSb=\mathgroup5
LaTeX Font Info:    Redeclaring math symbol \hbar on input line 98.
LaTeX Font Info:    Overwriting math alphabet `\mathfrak' in version `bold'
(Font)                  U/euf/m/n --> U/euf/b/n on input line 106.
)) (f:/texlive/2025/texmf-dist/tex/latex/algorithms/algorithmic.sty
Package: algorithmic 2009/08/24 v0.1 Document Style `algorithmic'
 (f:/texlive/2025/texmf-dist/tex/latex/base/ifthen.sty
Package: ifthen 2024/03/16 v1.1e Standard LaTeX ifthen package (DPC)
)
\c@ALC@unique=\count289
\c@ALC@line=\count290
\c@ALC@rem=\count291
\c@ALC@depth=\count292
\ALC@tlm=\skip55
\algorithmicindent=\skip56
) (f:/texlive/2025/texmf-dist/tex/latex/booktabs/booktabs.sty
Package: booktabs 2020/01/12 v1.61803398 Publication quality tables
\heavyrulewidth=\dimen176
\lightrulewidth=\dimen177
\cmidrulewidth=\dimen178
\belowrulesep=\dimen179
\belowbottomsep=\dimen180
\aboverulesep=\dimen181
\abovetopsep=\dimen182
\cmidrulesep=\dimen183
\cmidrulekern=\dimen184
\defaultaddspace=\dimen185
\@cmidla=\count293
\@cmidlb=\count294
\@aboverulesep=\dimen186
\@belowrulesep=\dimen187
\@thisruleclass=\count295
\@lastruleclass=\count296
\@thisrulewidth=\dimen188
) (f:/texlive/2025/texmf-dist/tex/latex/tools/array.sty
Package: array 2024/10/17 v2.6g Tabular extension package (FMi)
\col@sep=\dimen189
\ar@mcellbox=\box56
\extrarowheight=\dimen190
\NC@list=\toks24
\extratabsurround=\skip57
\backup@length=\skip58
\ar@cellbox=\box57
) (f:/texlive/2025/texmf-dist/tex/latex/url/url.sty
\Urlmuskip=\muskip18
Package: url 2013/09/16  ver 3.4  Verb mode for urls, etc.
) (f:/texlive/2025/texmf-dist/tex/latex/xcolor/xcolor.sty
Package: xcolor 2024/09/29 v3.02 LaTeX color extensions (UK)
 (f:/texlive/2025/texmf-dist/tex/latex/graphics-cfg/color.cfg
File: color.cfg 2016/01/02 v1.6 sample color configuration
)
Package xcolor Info: Driver file: pdftex.def on input line 274.
 (f:/texlive/2025/texmf-dist/tex/latex/graphics/mathcolor.ltx)
Package xcolor Info: Model `cmy' substituted by `cmy0' on input line 1349.
Package xcolor Info: Model `hsb' substituted by `rgb' on input line 1353.
Package xcolor Info: Model `RGB' extended on input line 1365.
Package xcolor Info: Model `HTML' substituted by `rgb' on input line 1367.
Package xcolor Info: Model `Hsb' substituted by `hsb' on input line 1368.
Package xcolor Info: Model `tHsb' substituted by `hsb' on input line 1369.
Package xcolor Info: Model `HSB' substituted by `hsb' on input line 1370.
Package xcolor Info: Model `Gray' substituted by `gray' on input line 1371.
Package xcolor Info: Model `wave' substituted by `hsb' on input line 1372.
) (f:/texlive/2025/texmf-dist/tex/latex/hyperref/hyperref.sty
Package: hyperref 2024-11-05 v7.01l Hypertext links for LaTeX
 (f:/texlive/2025/texmf-dist/tex/generic/iftex/iftex.sty
Package: iftex 2024/12/12 v1.0g TeX engine tests
) (f:/texlive/2025/texmf-dist/tex/latex/kvsetkeys/kvsetkeys.sty
Package: kvsetkeys 2022-10-05 v1.19 Key value parser (HO)
) (f:/texlive/2025/texmf-dist/tex/generic/kvdefinekeys/kvdefinekeys.sty
Package: kvdefinekeys 2019-12-19 v1.6 Define keys (HO)
) (f:/texlive/2025/texmf-dist/tex/generic/pdfescape/pdfescape.sty
Package: pdfescape 2019/12/09 v1.15 Implements pdfTeX's escape features (HO)
 (f:/texlive/2025/texmf-dist/tex/generic/ltxcmds/ltxcmds.sty
Package: ltxcmds 2023-12-04 v1.26 LaTeX kernel commands for general use (HO)
) (f:/texlive/2025/texmf-dist/tex/generic/pdftexcmds/pdftexcmds.sty
Package: pdftexcmds 2020-06-27 v0.33 Utility functions of pdfTeX for LuaTeX (HO)
 (f:/texlive/2025/texmf-dist/tex/generic/infwarerr/infwarerr.sty
Package: infwarerr 2019/12/03 v1.5 Providing info/warning/error messages (HO)
)
Package pdftexcmds Info: \pdf@primitive is available.
Package pdftexcmds Info: \pdf@ifprimitive is available.
Package pdftexcmds Info: \pdfdraftmode found.
)) (f:/texlive/2025/texmf-dist/tex/latex/hycolor/hycolor.sty
Package: hycolor 2020-01-27 v1.10 Color options for hyperref/bookmark (HO)
) (f:/texlive/2025/texmf-dist/tex/latex/hyperref/nameref.sty
Package: nameref 2023-11-26 v2.56 Cross-referencing by name of section
 (f:/texlive/2025/texmf-dist/tex/latex/refcount/refcount.sty
Package: refcount 2019/12/15 v3.6 Data extraction from label references (HO)
) (f:/texlive/2025/texmf-dist/tex/generic/gettitlestring/gettitlestring.sty
Package: gettitlestring 2019/12/15 v1.6 Cleanup title references (HO)
 (f:/texlive/2025/texmf-dist/tex/latex/kvoptions/kvoptions.sty
Package: kvoptions 2022-06-15 v3.15 Key value format for package options (HO)
))
\c@section@level=\count297
) (f:/texlive/2025/texmf-dist/tex/latex/etoolbox/etoolbox.sty
Package: etoolbox 2025/02/11 v2.5l e-TeX tools for LaTeX (JAW)
\etb@tempcnta=\count298
) (f:/texlive/2025/texmf-dist/tex/generic/stringenc/stringenc.sty
Package: stringenc 2019/11/29 v1.12 Convert strings between diff. encodings (HO)
)
\@linkdim=\dimen191
\Hy@linkcounter=\count299
\Hy@pagecounter=\count300
 (f:/texlive/2025/texmf-dist/tex/latex/hyperref/pd1enc.def
File: pd1enc.def 2024-11-05 v7.01l Hyperref: PDFDocEncoding definition (HO)
Now handling font encoding PD1 ...
... no UTF-8 mapping file for font encoding PD1
) (f:/texlive/2025/texmf-dist/tex/generic/intcalc/intcalc.sty
Package: intcalc 2019/12/15 v1.3 Expandable calculations with integers (HO)
)
\Hy@SavedSpaceFactor=\count301
 (f:/texlive/2025/texmf-dist/tex/latex/hyperref/puenc.def
File: puenc.def 2024-11-05 v7.01l Hyperref: PDF Unicode definition (HO)
Now handling font encoding PU ...
... no UTF-8 mapping file for font encoding PU
)
Package hyperref Info: Hyper figures OFF on input line 4157.
Package hyperref Info: Link nesting OFF on input line 4162.
Package hyperref Info: Hyper index ON on input line 4165.
Package hyperref Info: Plain pages OFF on input line 4172.
Package hyperref Info: Backreferencing OFF on input line 4177.
Package hyperref Info: Implicit mode ON; LaTeX internals redefined.
Package hyperref Info: Bookmarks ON on input line 4424.
\c@Hy@tempcnt=\count302
LaTeX Info: Redefining \url on input line 4763.
\XeTeXLinkMargin=\dimen192
 (f:/texlive/2025/texmf-dist/tex/generic/bitset/bitset.sty
Package: bitset 2019/12/09 v1.3 Handle bit-vector datatype (HO)
 (f:/texlive/2025/texmf-dist/tex/generic/bigintcalc/bigintcalc.sty
Package: bigintcalc 2019/12/15 v1.5 Expandable calculations on big integers (HO)
))
\Fld@menulength=\count303
\Field@Width=\dimen193
\Fld@charsize=\dimen194
Package hyperref Info: Hyper figures OFF on input line 6042.
Package hyperref Info: Link nesting OFF on input line 6047.
Package hyperref Info: Hyper index ON on input line 6050.
Package hyperref Info: backreferencing OFF on input line 6057.
Package hyperref Info: Link coloring OFF on input line 6062.
Package hyperref Info: Link coloring with OCG OFF on input line 6067.
Package hyperref Info: PDF/A mode OFF on input line 6072.
 (f:/texlive/2025/texmf-dist/tex/latex/base/atbegshi-ltx.sty
Package: atbegshi-ltx 2021/01/10 v1.0c Emulation of the original atbegshi
package with kernel methods
)
\Hy@abspage=\count304
\c@Item=\count305
\c@Hfootnote=\count306
)
Package hyperref Info: Driver (autodetected): hpdftex.
 (f:/texlive/2025/texmf-dist/tex/latex/hyperref/hpdftex.def
File: hpdftex.def 2024-11-05 v7.01l Hyperref driver for pdfTeX
 (f:/texlive/2025/texmf-dist/tex/latex/base/atveryend-ltx.sty
Package: atveryend-ltx 2020/08/19 v1.0a Emulation of the original atveryend package
with kernel methods
)
\Fld@listcount=\count307
\c@bookmark@seq@number=\count308
 (f:/texlive/2025/texmf-dist/tex/latex/rerunfilecheck/rerunfilecheck.sty
Package: rerunfilecheck 2022-07-10 v1.10 Rerun checks for auxiliary files (HO)
 (f:/texlive/2025/texmf-dist/tex/generic/uniquecounter/uniquecounter.sty
Package: uniquecounter 2019/12/15 v1.4 Provide unlimited unique counter (HO)
)
Package uniquecounter Info: New unique counter `rerunfilecheck' on input line 285.
)
\Hy@SectionHShift=\skip59
)
Package hyperref Info: Option `colorlinks' set `true' on input line 18.
 (f:/texlive/2025/texmf-dist/tex/latex/l3backend/l3backend-pdftex.def
File: l3backend-pdftex.def 2024-05-08 L3 backend support: PDF output (pdfTeX)
\l__color_backend_stack_int=\count309
\l__pdf_internal_box=\box58
)
No file main.aux.
\openout1 = `main.aux'.

LaTeX Font Info:    Checking defaults for OML/cmm/m/it on input line 20.
LaTeX Font Info:    ... okay on input line 20.
LaTeX Font Info:    Checking defaults for OMS/cmsy/m/n on input line 20.
LaTeX Font Info:    ... okay on input line 20.
LaTeX Font Info:    Checking defaults for OT1/cmr/m/n on input line 20.
LaTeX Font Info:    ... okay on input line 20.
LaTeX Font Info:    Checking defaults for T1/cmr/m/n on input line 20.
LaTeX Font Info:    ... okay on input line 20.
LaTeX Font Info:    Checking defaults for TS1/cmr/m/n on input line 20.
LaTeX Font Info:    ... okay on input line 20.
LaTeX Font Info:    Checking defaults for OMX/cmex/m/n on input line 20.
LaTeX Font Info:    ... okay on input line 20.
LaTeX Font Info:    Checking defaults for U/cmr/m/n on input line 20.
LaTeX Font Info:    ... okay on input line 20.
LaTeX Font Info:    Checking defaults for PD1/pdf/m/n on input line 20.
LaTeX Font Info:    ... okay on input line 20.
LaTeX Font Info:    Checking defaults for PU/pdf/m/n on input line 20.
LaTeX Font Info:    ... okay on input line 20.
-- Lines per column: 58 (exact).
(f:/texlive/2025/texmf-dist/tex/context/base/mkii/supp-pdf.mkii
[Loading MPS to PDF converter (version 2006.09.02).]
\scratchcounter=\count310
\scratchdimen=\dimen195
\scratchbox=\box59
\nofMPsegments=\count311
\nofMParguments=\count312
\everyMPshowfont=\toks25
\MPscratchCnt=\count313
\MPscratchDim=\dimen196
\MPnumerator=\count314
\makeMPintoPDFobject=\count315
\everyMPtoPDFconversion=\toks26
) (f:/texlive/2025/texmf-dist/tex/latex/epstopdf-pkg/epstopdf-base.sty
Package: epstopdf-base 2020-01-24 v2.11 Base part for package epstopdf
Package epstopdf-base Info: Redefining graphics rule for `.eps' on input line 485.
 (f:/texlive/2025/texmf-dist/tex/latex/latexconfig/epstopdf-sys.cfg
File: epstopdf-sys.cfg 2010/07/13 v1.3 Configuration of (r)epstopdf for TeX Live
))
Package hyperref Info: Link coloring ON on input line 20.
\@outlinefile=\write3
\openout3 = `main.out'.



LaTeX Warning: File `teaser-main.png' not found on input line 41.


f:/VerbalVis2/main.tex:41: Package pdftex.def Error: File `teaser-main.png' not found: using draft setting.

See the pdftex.def package documentation for explanation.
Type  H <return>  for immediate help.
 ...                                              
                                                  
l.41 
     
Try typing  <return>  to proceed.
If that doesn't work, type  X <return>  to quit.

LaTeX Font Info:    Trying to load font information for OT1+pcr on input line 41.
(f:/texlive/2025/texmf-dist/tex/latex/psnfss/ot1pcr.fd
File: ot1pcr.fd 2001/06/04 font definitions for OT1/pcr.
)

LaTeX Warning: Optional argument of \twocolumn too tall on page 1.


Overfull \vbox (13.87415pt too high) has occurred while \output is active []




LaTeX Warning: Text page 1 contains only floats.


Overfull \vbox (13.87415pt too high) has occurred while \output is active []



[1{f:/texlive/2025/texmf-var/fonts/map/pdftex/updmap/pdftex.map}{f:/texlive/2025/texmf-dist/fonts/enc/dvips/base/8r.enc}


]
Underfull \hbox (badness 3009) in paragraph at lines 71--74
[]\OT1/ptm/b/it/9 Index Terms\OT1/ptm/b/n/9 ---Visual an-a-lyt-ics, con-ver-sa-tional in-ter-faces,
 []


LaTeX Warning: Citation `russell1993cost' on page 2 undefined on input line 85.


LaTeX Warning: Citation `pirolli2005sensemaking' on page 2 undefined on input line 85.


LaTeX Warning: Citation `sacha2014knowledge' on page 2 undefined on input line 85.


LaTeX Warning: Citation `battle2019characterizing' on page 2 undefined on input line 85.


LaTeX Warning: Citation `gao2015datatone' on page 2 undefined on input line 93.


LaTeX Warning: Citation `setlur2016eviza' on page 2 undefined on input line 93.


LaTeX Warning: Citation `narechania2021nl4dv' on page 2 undefined on input line 93.


LaTeX Warning: Citation `dibia2023lida' on page 2 undefined on input line 93.


LaTeX Warning: Citation `wang2024dataformulator2' on page 2 undefined on input line 93.


LaTeX Warning: Citation `zhao2024lightva' on page 2 undefined on input line 93.




LaTeX Warning: Citation `pirolli2005sensemaking' on page 2 undefined on input line 139.


LaTeX Warning: Citation `klein2007dataframe' on page 2 undefined on input line 139.


LaTeX Warning: Citation `bates1989berrypicking' on page 2 undefined on input line 139.


LaTeX Warning: Citation `battle2019characterizing' on page 2 undefined on input line 139.



[2]

LaTeX Warning: Citation `gao2015datatone' on page 3 undefined on input line 197.


LaTeX Warning: Citation `setlur2016eviza' on page 3 undefined on input line 199.


LaTeX Warning: Citation `narechania2021nl4dv' on page 3 undefined on input line 201.


LaTeX Warning: Citation `srinivasan2018orko' on page 3 undefined on input line 207.


LaTeX Warning: Citation `srinivasan2020inchorus' on page 3 undefined on input line 209.


LaTeX Warning: Citation `srinivasan2021databreeze' on page 3 undefined on input line 211.


LaTeX Warning: Citation `srinivasan2021snowy' on page 3 undefined on input line 213.


LaTeX Warning: Citation `mitra2022conversational' on page 3 undefined on input line 213.


LaTeX Warning: Citation `dibia2023lida' on page 3 undefined on input line 224.


LaTeX Warning: Citation `wang2024dataformulator' on page 3 undefined on input line 227.


LaTeX Warning: Citation `wang2024dataformulator2' on page 3 undefined on input line 227.




LaTeX Warning: Citation `ma2023insightpilot' on page 3 undefined on input line 234.


LaTeX Warning: Citation `zhao2024lightva' on page 3 undefined on input line 234.


LaTeX Warning: Citation `xie2024waitgpt' on page 3 undefined on input line 236.


LaTeX Warning: Citation `weng2025insightlens' on page 3 undefined on input line 238.


LaTeX Warning: Citation `skantze2021turntaking' on page 3 undefined on input line 250.


LaTeX Warning: Citation `heins1997bargein' on page 3 undefined on input line 252.


LaTeX Warning: Citation `lin2022duplex' on page 3 undefined on input line 256.


LaTeX Warning: Citation `veluri2024syncllm' on page 3 undefined on input line 256.


LaTeX Warning: Citation `defossez2024moshi' on page 3 undefined on input line 256.


LaTeX Warning: Citation `yu2025salmonnomni' on page 3 undefined on input line 256.


LaTeX Warning: Citation `russell1993cost' on page 3 undefined on input line 273.


LaTeX Warning: Citation `pirolli2005sensemaking' on page 3 undefined on input line 273.


LaTeX Warning: Citation `sacha2014knowledge' on page 3 undefined on input line 273.


LaTeX Warning: Citation `bates1989berrypicking' on page 3 undefined on input line 276.


LaTeX Warning: Citation `vakkari2001changes' on page 3 undefined on input line 276.


LaTeX Warning: Citation `battle2019characterizing' on page 3 undefined on input line 276.


LaTeX Warning: Citation `klein2007dataframe' on page 3 undefined on input line 280.


LaTeX Warning: Citation `klahr1988dual' on page 3 undefined on input line 280.


LaTeX Warning: Citation `chinn1993anomalous' on page 3 undefined on input line 280.


LaTeX Warning: Citation `pirolli1999information' on page 3 undefined on input line 286.


LaTeX Warning: Citation `brehmer2013multilevel' on page 3 undefined on input line 286.


LaTeX Warning: Citation `wongsuphasawat2016voyager' on page 3 undefined on input line 286.



[3]

LaTeX Warning: Reference `sec:formative' on page 4 undefined on input line 291.


LaTeX Warning: Citation `russell1993cost' on page 4 undefined on input line 324.


LaTeX Warning: Citation `pirolli2005sensemaking' on page 4 undefined on input line 324.


LaTeX Warning: Citation `battle2019characterizing' on page 4 undefined on input line 324.


LaTeX Warning: Citation `klein2007dataframe' on page 4 undefined on input line 327.


LaTeX Warning: Citation `pontis2016influence' on page 4 undefined on input line 327.


LaTeX Warning: Citation `klahr1988dual' on page 4 undefined on input line 327.


LaTeX Warning: Citation `bates1989berrypicking' on page 4 undefined on input line 330.


LaTeX Warning: Citation `vakkari2001changes' on page 4 undefined on input line 330.


LaTeX Warning: Citation `brehmer2013multilevel' on page 4 undefined on input line 330.


Underfull \hbox (badness 1540) in paragraph at lines 332--334
[]\OT1/ptm/m/n/10 Based on these tra-di-tions, we spec-i-fied three theory-
 []



LaTeX Font Info:    Trying to load font information for U+msa on input line 407.
(f:/texlive/2025/texmf-dist/tex/latex/amsfonts/umsa.fd
File: umsa.fd 2013/01/14 v3.01 AMS symbols A
)
LaTeX Font Info:    Trying to load font information for U+msb on input line 407.
 (f:/texlive/2025/texmf-dist/tex/latex/amsfonts/umsb.fd
File: umsb.fd 2013/01/14 v3.01 AMS symbols B
)
Underfull \hbox (badness 10000) in paragraph at lines 421--422
[]|\OT1/ptm/m/n/9 ``Analyze cus-tomer experience---the
 []


Underfull \hbox (badness 10000) in paragraph at lines 426--426
[]|\OT1/ptm/b/n/9 Working-Hypothesis
 []


Underfull \hbox (badness 6252) in paragraph at lines 427--428
[]|\OT1/ptm/m/n/9 Prioritize Bahia be-cause it
 []


Underfull \hbox (badness 4954) in paragraph at lines 436--436
[]|\OT1/ptm/m/n/9 Investigate cus-tomer ex-pe-ri-
 []


Overfull \hbox (11.87622pt too wide) in paragraph at lines 407--443
 [][] 
 []



[4]



[5]
Underfull \hbox (badness 2343) in paragraph at lines 587--591
\OT1/ptm/m/n/10 tic-i-pants can-not es-tab-lish the-o-ret-i-cal sat-u-ra-tion, es-ti-mate
 []


Underfull \hbox (badness 4886) in paragraph at lines 592--599
[]\OT1/ptm/m/n/10 We there-fore treat An-a-lyt-i-cal Goal Shift, Working-
 []





[6]



[7]
Underfull \hbox (badness 4328) in paragraph at lines 842--848
[]\OT1/ptm/m/n/10 VerbalVis com-bines speech with a per-sis-tent vi-sual
 []




LaTeX Warning: Reference `tab:design-summary' on page 8 undefined on input line 894.


Overfull \hbox (1.56189pt too wide) in paragraph at lines 907--940
 [][] 
 []



[8]


Underfull \hbox (badness 10000) in paragraph at lines 998--1005
[]\OT1/ptm/m/n/10 The browser cap-tures mi-cro-phone in-put us-ing an
 []


Underfull \hbox (badness 3439) in paragraph at lines 998--1005
\OT1/pcr/m/n/10 AudioWorklet\OT1/ptm/m/n/10 . In-put is con-verted to 16-kHz mono
 []


Underfull \hbox (badness 1365) in paragraph at lines 998--1005
\OT1/ptm/m/n/10 PCM16 and di-vided into ap-prox-i-mately 100-ms chunks.
 []


Underfull \hbox (badness 3148) in paragraph at lines 998--1005
\OT1/ptm/m/n/10 Each chunk is base64 en-coded and sent through the
 []



[9]
Underfull \hbox (badness 1424) in paragraph at lines 1055--1061
[]\OT1/ptm/m/n/10 VerbalVis par-tially de-cou-ples spo-ken ac-knowl-edge-ment
 []


LaTeX Warning: Reference `tab:tools' on page 10 undefined on input line 1090.




Underfull \hbox (badness 10000) in paragraph at lines 1110--1110
[]|\OT1/pcr/m/n/8 field\OT1/ptm/m/n/8 , \OT1/pcr/m/n/8 operator\OT1/ptm/m/n/8 , \OT1/pcr/m/n/8 value\OT1/ptm/m/n/8 ,
 []


Overfull \hbox (12.35881pt too wide) in paragraph at lines 1125--1125
[]|\OT1/pcr/m/n/8 set_low_score_threshold| 
 []

LaTeX Font Info:    Trying to load font information for OMS+pcr on input line 1178.
(f:/texlive/2025/texmf-dist/tex/latex/psnfss/omspcr.fd
File: omspcr.fd 
)
LaTeX Font Info:    Font shape `OMS/pcr/m/n' in size <10> not available
(Font)              Font shape `OMS/cmsy/m/n' tried instead on input line 1178.

Underfull \hbox (badness 10000) in paragraph at lines 1172--1180
[]\OT1/ptm/m/n/10 The server-side state con-sists pri-mar-ily of
 []


Underfull \hbox (badness 10000) in paragraph at lines 1172--1180
\OT1/pcr/m/n/10 active_filters\OT1/ptm/m/n/10 , \OT1/pcr/m/n/10 views\OT1/ptm/m/n/10 , \OT1/pcr/m/n/10 highlighted_view\OT1/ptm/m/n/10 ,
 []


Underfull \hbox (badness 3229) in paragraph at lines 1172--1180
\OT1/pcr/m/n/10 workspace_counter\OT1/ptm/m/n/10 , and \OT1/pcr/m/n/10 low_score_threshold\OT1/ptm/m/n/10 .
 []


Underfull \hbox (badness 10000) in paragraph at lines 1172--1180
\OT1/ptm/m/n/10 The \OT1/pcr/m/n/10 views \OT1/ptm/m/n/10 col-lec-tion con-tains both the ini-tial
 []


Underfull \hbox (badness 10000) in paragraph at lines 1172--1180
\OT1/ptm/m/n/10 views and dy-nam-i-cally ap-pended workspace views.
 []



[10]
Underfull \hbox (badness 2582) in paragraph at lines 1218--1220
[]\OT1/pcr/m/n/10 _tool_state_lock\OT1/ptm/m/n/10 , se-ri-al-iz-ing mu-ta-tions of the
 []




Underfull \hbox (badness 3713) in paragraph at lines 1261--1268
\OT1/ptm/m/n/10 i-cal in-val-i-da-tion is im-por-tant. Call-ing \OT1/pcr/m/n/10 cancel() \OT1/ptm/m/n/10 can
 []


Underfull \hbox (badness 1635) in paragraph at lines 1288--1294
[]\OT1/ptm/m/n/10 VerbalVis records both human-readable and struc-tured
 []


Underfull \vbox (badness 10000) has occurred while \output is active []



[11]
Underfull \hbox (badness 10000) in paragraph at lines 1311--1317
[]\OT1/ptm/m/n/10 Similarly, the fron-tend does not send a
 []


Underfull \hbox (badness 10000) in paragraph at lines 1311--1317
\OT1/pcr/m/n/10 frontend_render_completed \OT1/ptm/m/n/10 ac-knowl-edge-ment
 []





[12]
Underfull \hbox (badness 10000) in paragraph at lines 1385--1386
[]\OT1/ptm/m/it/10 Time-to-first-audio (TTFA) \OT1/ptm/m/n/10 and \OT1/ptm/m/it/10 tool-call
 []


Underfull \hbox (badness 10000) in paragraph at lines 1385--1386
\OT1/ptm/m/it/10 du-ra-tion\OT1/ptm/m/n/10 , recorded au-to-mat-i-cally by the ex-ist-ing
 []


Underfull \hbox (badness 10000) in paragraph at lines 1385--1386
\OT1/pcr/m/n/10 _response_metrics \OT1/ptm/m/n/10 in-stru-men-ta-tion in
 []




Underfull \hbox (badness 10000) in paragraph at lines 1402--1403
[]\OT1/ptm/b/n/10 H2: \OT1/ptm/m/n/10 VerbalVis-FullDuplex re-duces time-to-revision,
 []


Underfull \hbox (badness 4441) in paragraph at lines 1402--1403
\OT1/ptm/m/n/10 queue de-lay, and wasted out-put time rel-a-tive to
 []


Underfull \hbox (badness 3590) in paragraph at lines 1404--1405
[]\OT1/ptm/b/n/10 H4: \OT1/ptm/m/n/10 Per-ceived con-trol is higher un-der VerbalVis-
 []


Underfull \hbox (badness 3713) in paragraph at lines 1409--1410
\OT1/ptm/m/n/10 com-par-ing VerbalVis-FullDuplex and VerbalVis-NoBarge.
 []


Underfull \hbox (badness 5417) in paragraph at lines 1412--1413
\OT1/ptm/m/n/10 means and within-subject dif-fer-ences for the pri-mary
 []



[13]

LaTeX Warning: Reference `sec:framework' on page 14 undefined on input line 1421.



No file main.bbl.


[14] (./main.aux)
 ***********
LaTeX2e <2024-11-01> patch level 2
L3 programming layer <2025-01-18>
 ***********


LaTeX Warning: There were undefined references.


LaTeX Warning: Label(s) may have changed. Rerun to get cross-references right.


Package rerunfilecheck Warning: File `main.out' has changed.
(rerunfilecheck)                Rerun to get outlines right
(rerunfilecheck)                or use package `bookmark'.

Package rerunfilecheck Info: Checksums for `main.out':
(rerunfilecheck)             Before: <no file>
(rerunfilecheck)             After:  16609C593A19E903EA244FB5D02DA7EF;8959.
 ) 
Here is how much of TeX's memory you used:
 11650 strings out of 473189
 180115 string characters out of 5719957
 598014 words of memory out of 5000000
 34668 multiletter control sequences out of 15000+600000
 604861 words of font info for 126 fonts, out of 8000000 for 9000
 1141 hyphenation exceptions out of 8191
 75i,21n,79p,1378b,494s stack positions out of 10000i,1000n,20000p,200000b,200000s
<f:/texlive/2025/texmf-dist/fonts/type1/public/amsfonts/cm/cmmi10.pfb><f:/texlive/2025/texmf-dist/fonts/type1/public/amsfonts/cm/cmr10.pfb><f:/texlive/2025/texmf-dist/fonts/type1/public/amsfonts/cm/cmr7.pfb><f:/texlive/2025/texmf-dist/fonts/type1/public/amsfonts/cm/cmsy10.pfb><f:/texlive/2025/texmf-dist/fonts/type1/public/amsfonts/cm/cmsy7.pfb><f:/texlive/2025/texmf-dist/fonts/type1/public/amsfonts/cm/cmti10.pfb><f:/texlive/2025/texmf-dist/fonts/type1/urw/courier/ucrr8a.pfb><f:/texlive/2025/texmf-dist/fonts/type1/urw/times/utmb8a.pfb><f:/texlive/2025/texmf-dist/fonts/type1/urw/times/utmbi8a.pfb><f:/texlive/2025/texmf-dist/fonts/type1/urw/times/utmr8a.pfb><f:/texlive/2025/texmf-dist/fonts/type1/urw/times/utmri8a.pfb>
Output written on main.pdf (14 pages, 202093 bytes).
PDF statistics:
 203 PDF objects out of 1000 (max. 8388607)
 163 compressed objects within 2 object streams
 77 named destinations out of 1000 (max. 500000)
 1 words of extra memory for PDF output out of 10000 (max. 10000000)

