11:30:40.142  VIEWS_UPDATE tool=filter_data args={"field": "customer_state", "operator": "eq", "value": "SP", "_user_transcript": "分析一下圣保罗州。"}
11:31:22.428  VIEWS_UPDATE tool=append_visual args={"chart_type": "bar", "x": "product_category", "y": "revenue", "title": "圣保罗州各品类收入排名", "sort_by": "revenue", "sort_order": "desc", "limit": 15, "_user_transcript": "分析一下哪个品类表现最好。"}
11:31:51.348  VIEWS_UPDATE tool=append_visual args={"chart_type": "line", "x": "order_month", "y": "order_count", "title": "圣保罗州bed_bath_table品类月度订单趋势", "filters": [{"field": "product_category", "operator": "eq", "value": "bed_bath_table"}], "_user_transcript": "分析一下这个品类的订单趋势。"}
11:32:16.258  VIEWS_UPDATE tool=append_visual args={"chart_type": "bar", "x": "review_score", "y": "order_count", "title": "2018年6月圣保罗州bed_bath_table品类评分分布", "filters": [{"field": "product_category", "operator": "eq", "value": "bed_bath_table"}, {"field": "order_month", "operator": "eq", "value": "2018-06"}], "_user_transcript": "需要的。", "sort_by": "review_score"}
11:32:48.592  VIEWS_UPDATE tool=append_visual args={"chart_type": "line", "x": "order_month", "y": "review_score", "title": "2018年圣保罗州bed_bath_table品类月均评分趋势", "filters": [{"field": "product_category", "operator": "eq", "value": "bed_bath_table"}, {"field": "order_month", "operator": "between", "value": ["2018-01", "2018-12"]}], "_user_transcript": "评分的一个趋势。", "sort_by": "review_score"}
11:33:29.658  VIEWS_UPDATE tool=append_visual args={"chart_type": "line", "x": "order_month", "y": "review_score", "title": "2018年圣保罗州收入前十品类月均评分趋势", "color": "product_category", "filters": [{"field": "order_month", "operator": "between", "value": ["2018-01", "2018-12"]}], "limit": 10, "sort_by": "revenue", "sort_order": "desc", "_user_transcript": "按月来分。"}
11:34:16.446  VIEWS_UPDATE tool=delete_visual args={"view_id": "workspace-6", "_user_transcript": "你生成的最新的一张图表评分趋势，这张图表是正确的吗？"}
11:34:20.786  VIEWS_UPDATE tool=append_visual args={"chart_type": "line", "x": "order_month", "y": "review_score", "color": "product_category", "title": "2018年圣保罗州收入前十品类月均评分趋势", "filters": [{"field": "order_month", "operator": "between", "value": ["2018-01", "2018-12"]}], "limit": 10, "sort_by": "revenue", "sort_order": "desc", "_user_transcript": "你生成的最新的一张图表评分趋势，这张图表是正确的吗？"}
11:35:15.106  VIEWS_UPDATE tool=append_visual args={"chart_type": "line", "x": "order_month", "y": "order_count", "title": "2018年圣保罗州la_cuisine品类月度趋势", "filters": [{"field": "product_category", "operator": "eq", "value": "la_cuisine"}, {"field": "order_month", "operator": "between", "value": ["2018-01", "2018-12"]}], "_user_transcript": "单独分析一下前十品类评分对比中，排名最低的那一个商品。", "limit": 10, "sort_by": "review_score", "sort_order": "asc"}
11:36:24.312  VIEWS_UPDATE tool=delete_visual args={"view_id": "workspace-5", "_user_transcript": "这个生成的二零一八年圣保罗收入前十品类评分对比中的商品，是不是并不是收入排名前十的？应该按照排名前十的进行评分对比。"}
11:36:30.817  VIEWS_UPDATE tool=append_visual args={"chart_type": "bar", "x": "product_category", "y": "review_score", "title": "2018年圣保罗州收入前十品类评分对比", "filters": [{"field": "order_month", "operator": "between", "value": ["2018-01", "2018-12"]}], "limit": 10, "sort_by": "revenue", "sort_order": "desc", "_user_transcript": "这个生成的二零一八年圣保罗收入前十品类评分对比中的商品，是不是并不是收入排名前十的？应该按照排名前十的进行评分对比。"}
11:37:16.169  VIEWS_UPDATE tool=delete_visual args={"view_id": "workspace-2", "_user_transcript": "删除workspace，减二、减三、减四、减七。"}
11:37:16.184  VIEWS_UPDATE tool=delete_visual args={"view_id": "workspace-3", "_user_transcript": "删除workspace，减二、减三、减四、减七。"}
11:37:16.196  VIEWS_UPDATE tool=delete_visual args={"view_id": "workspace-4", "_user_transcript": "删除workspace，减二、减三、减四、减七。"}
11:37:16.544  VIEWS_UPDATE tool=delete_visual args={"view_id": "workspace-7", "_user_transcript": "删除workspace，减二、减三、减四、减七。"}
11:37:23.432  VIEWS_UPDATE tool=delete_visual args={"view_id": "workspace-8", "_user_transcript": "删除了，这次减八。"}
11:37:51.202  VIEWS_UPDATE tool=remove_filter args={"field": "customer_state", "_user_transcript": "把那个按周排序的图表还原到之前的样子。"}
11:38:14.186  VIEWS_UPDATE tool=filter_data args={"field": "customer_state", "operator": "eq", "value": "RJ", "_user_transcript": "是的，然后分析第二个周，按照刚刚的那一个说法，先让把他的收入排名列出来，以及排名前十的评分列出来。"}
11:38:22.225  VIEWS_UPDATE tool=append_visual args={"chart_type": "bar", "x": "product_category", "y": "revenue", "title": "里约热内卢州各品类收入排名", "sort_by": "revenue", "sort_order": "desc", "limit": 15, "_user_transcript": "是的，然后分析第二个周，按照刚刚的那一个说法，先让把他的收入排名列出来，以及排名前十的评分列出来。"}
11:38:29.403  VIEWS_UPDATE tool=append_visual args={"chart_type": "bar", "x": "product_category", "y": "review_score", "title": "2018年里约热内卢州收入前十品类评分对比", "filters": [{"field": "order_month", "operator": "between", "value": ["2018-01", "2018-12"]}], "limit": 10, "sort_by": "revenue", "sort_order": "desc", "_user_transcript": "是的，然后分析第二个周，按照刚刚的那一个说法，先让把他的收入排名列出来，以及排名前十的评分列出来。"}
11:39:11.699  VIEWS_UPDATE tool=delete_visual args={"view_id": "workspace-11", "_user_transcript": "哦，确实是。"}
11:39:17.555  VIEWS_UPDATE tool=delete_visual args={"view_id": "workspace-1", "_user_transcript": "对，都删了。"}
11:39:18.750  VIEWS_UPDATE tool=delete_visual args={"view_id": "workspace-9", "_user_transcript": "对，都删了。"}
11:39:52.824  VIEWS_UPDATE tool=filter_data args={"field": "customer_state", "operator": "eq", "value": "MG", "_user_transcript": "把排名第三到第五的州，按照刚刚那个逻辑再分析一遍，找到评分比较，我想找到评分比较低的商品。"}
11:39:56.605  VIEWS_UPDATE tool=append_visual args={"chart_type": "bar", "x": "product_category", "y": "review_score", "title": "2018年米纳斯吉拉斯州收入前十品类评分对比", "filters": [{"field": "order_month", "operator": "between", "value": ["2018-01", "2018-12"]}], "limit": 10, "sort_by": "revenue", "sort_order": "desc", "_user_transcript": "把排名第三到第五的州，按照刚刚那个逻辑再分析一遍，找到评分比较，我想找到评分比较低的商品。"}
